tburton:~/workspace $ \cd testgit
tburton:~/workspace/testgit $ git inti
git: 'inti' is not a git command. See 'git --help'.
Did you mean this?
        init
tburton:~/workspace/testgit $ 
tburton:~/workspace/testgit $ git init
Initialized empty Git repository in /home/ubuntu/workspace/testgit/.git/
tburton:~/workspace/testgit (master) $ vim test.txt
tburton:~/workspace/testgit (master) $ ls
test.txt
tburton:~/workspace/testgit (master) $ git add test.txt
tburton:~/workspace/testgit (master) $ git commit
Aborting commit due to empty commit message.
tburton:~/workspace/testgit (master) $ git commit -m "test message"
[master (root-commit) d4a9237] test message
 1 file changed, 3 insertions(+)
 create mode 100644 test.txt
tburton:~/workspace/testgit (master) $ git push 
fatal: No configured push destination.
Either specify the URL from the command-line or configure a remote repository using

    git remote add <name> <url>

and then push using the remote name

    git push <name>

tburton:~/workspace/testgit (master) $ git remote add origin https://github.com/tburton1/testgit.git                                                                
tburton:~/workspace/testgit (master) $ git push
fatal: The current branch master has no upstream branch.
To push the current branch and set the remote as upstream, use

    git push --set-upstream origin master

tburton:~/workspace/testgit (master) $ git push --set-upstream origin master
Username for 'https://github.com': tburton1
Password for 'https://tburton1@github.com': 
Counting objects: 3, done.
Writing objects: 100% (3/3), 215 bytes | 0 bytes/s, done.
Total 3 (delta 0), reused 0 (delta 0)
To https://github.com/tburton1/testgit.git
 * [new branch]      master -> master
Branch master set up to track remote branch master from origin.
tburton:~/workspace/testgit (master) $ git add -A
tburton:~/workspace/testgit (master) $ git commit -m "asdf"
[master 9e48d22] asdf
 1 file changed, 1 insertion(+)
 create mode 100644 test2.txt
tburton:~/workspace/testgit (master) $ git push
Username for 'https://github.com': tburton1
Password for 'https://tburton1@github.com': 
Counting objects: 4, done.
Delta compression using up to 8 threads.
Compressing objects: 100% (2/2), done.
Writing objects: 100% (3/3), 262 bytes | 0 bytes/s, done.
Total 3 (delta 0), reused 0 (delta 0)
To https://github.com/tburton1/testgit.git
   d4a9237..9e48d22  master -> master
tburton:~/workspace/testgit (master) $ 